(TranslationUnit (SymbolTable 1 {_lpython_main_program: (Subroutine (SymbolTable 4 {}) _lpython_main_program [] [(SubroutineCall 1 f () [] ())] Source Public Implementation () .false. .false.), f: (Subroutine (SymbolTable 2 {s: (Variable 2 s Local () () Default (Character 1 -2 () []) Source Public Required .false.)}) f [] [(= (Var 2 s) (ConstantString "01234" (Character 1 5 () [])) ()) (Print () [(ArrayRef 2 s [((BinOp (ConstantReal 1.200000 (Real 8 [])) Add (ConstantInteger 1 (Integer 4 [])) (Integer 4 []) () ()) (BinOp (ConstantReal 1.200000 (Real 8 [])) Add (ConstantInteger 1 (Integer 4 [])) (Integer 4 []) () ()) ())] (Character 1 -2 () []) ())])] Source Public Implementation () .false. .false.), main_program: (Program (SymbolTable 3 {}) main_program [] [(SubroutineCall 1 _lpython_main_program () [] ())])}) [])
