(TranslationUnit (SymbolTable 1 {main_program: (Program (SymbolTable 3 {}) main_program [] []), test_List: (Subroutine (SymbolTable 2 {a: (Variable 2 a Local () () Default (List (Integer 4 [])) Source Public Required .false.), b: (Variable 2 b Local () () Default (List (Character 1 -2 () [])) Source Public Required .false.), c: (Variable 2 c Local () () Default (List (List (Integer 4 []))) Source Public Required .false.), d: (Variable 2 d Local () () Default (Integer 4 []) Source Public Required .false.), e: (Variable 2 e Local () () Default (List (List (Character 1 -2 () []))) Source Public Required .false.)}) test_List [] [(= (Var 2 a) (ConstantList [(ConstantInteger 1 (Integer 4 [])) (ConstantInteger 2 (Integer 4 [])) (ConstantInteger 3 (Integer 4 []))] (List (Integer 4 []))) ()) (= (Var 2 a) (ConstantList [(UnaryOp USub (ConstantInteger 3 (Integer 4 [])) (Integer 4 []) (ConstantInteger -3 (Integer 4 []))) (UnaryOp USub (ConstantInteger 2 (Integer 4 [])) (Integer 4 []) (ConstantInteger -2 (Integer 4 []))) (UnaryOp USub (ConstantInteger 1 (Integer 4 [])) (Integer 4 []) (ConstantInteger -1 (Integer 4 [])))] (List (Integer 4 []))) ()) (= (Var 2 b) (ConstantList [(ConstantString "a" (Character 1 1 () [])) (ConstantString "b" (Character 1 1 () [])) (ConstantString "c" (Character 1 1 () []))] (List (Character 1 1 () []))) ()) (= (Var 2 c) (ConstantList [(ConstantList [(ConstantInteger 1 (Integer 4 [])) (ConstantInteger 2 (Integer 4 [])) (ConstantInteger 3 (Integer 4 []))] (List (Integer 4 []))) (ConstantList [(ConstantInteger 4 (Integer 4 [])) (ConstantInteger 5 (Integer 4 [])) (ConstantInteger 6 (Integer 4 []))] (List (Integer 4 [])))] (List (List (Integer 4 [])))) ()) (= (Var 2 d) (ArrayRef 2 a [(() (BinOp (ConstantInteger 2 (Integer 4 [])) Add (ConstantInteger 1 (Integer 4 [])) (Integer 4 []) () ()) ())] (Integer 4 []) ()) ()) (= (Var 2 e) (ConstantList [(ConstantList [(ConstantString "a" (Character 1 1 () [])) (ConstantString "b" (Character 1 1 () [])) (ConstantString "c" (Character 1 1 () []))] (List (Character 1 1 () []))) (ConstantList [(ConstantString "d" (Character 1 1 () [])) (ConstantString "e" (Character 1 1 () []))] (List (Character 1 1 () [])))] (List (List (Character 1 1 () [])))) ())] Source Public Implementation () .false. .false.)}) [])
